<?php return array (
  0 => 'Symfony\\Bundle\\FrameworkBundle\\Controller\\Controller',
  1 => 'AppBundle\\Controller\\back\\AdminController',
  2 => 'AppBundle\\Controller\\back\\CategoryController',
  3 => 'AppBundle\\Controller\\back\\CheckUploadStatusController',
  4 => 'AppBundle\\Controller\\back\\CommentController',
  5 => 'AppBundle\\Controller\\back\\ContactController',
  6 => 'AppBundle\\Controller\\back\\HomepageController',
  7 => 'AppBundle\\Controller\\back\\ListByCategoriesBackController',
  8 => 'AppBundle\\Controller\\back\\ListCategoriesBackController',
  9 => 'AppBundle\\Controller\\back\\PostController',
  10 => 'AppBundle\\Controller\\back\\SearchBackController',
  11 => 'AppBundle\\Controller\\back\\SecurityController',
  12 => 'AppBundle\\Controller\\back\\VideoController',
  13 => 'AppBundle\\Controller\\front\\ContactController',
  14 => 'AppBundle\\Controller\\front\\ContentPagesController',
  15 => 'AppBundle\\Controller\\front\\FrontCommentController',
  16 => 'AppBundle\\Controller\\front\\MainPageController',
  17 => 'AppBundle\\Controller\\front\\NavController',
  18 => 'AppBundle\\Controller\\front\\PersonalController',
  19 => 'AppBundle\\Controller\\front\\SearchController',
  20 => 'AppBundle\\Controller\\front\\SubmitPostController',
  21 => 'AppBundle\\Controller\\front\\VideoFrontController',
  22 => 'AppBundle\\Entity\\Admin',
  23 => 'AppBundle\\Entity\\Category',
  24 => 'AppBundle\\Entity\\CheckUploadStatus',
  25 => 'AppBundle\\Entity\\Comment',
  26 => 'AppBundle\\Entity\\Contact',
  27 => 'AppBundle\\Entity\\Post',
  28 => 'AppBundle\\Entity\\Video',
  29 => 'Doctrine\\Bundle\\DoctrineBundle\\Controller\\ProfilerController',
  30 => 'Doctrine\\ORM\\Cache\\Persister\\Entity\\AbstractEntityPersister',
  31 => 'Doctrine\\ORM\\Cache\\Persister\\Entity\\CachedEntityPersister',
  32 => 'Doctrine\\ORM\\Cache\\Persister\\Entity\\NonStrictReadWriteCachedEntityPersister',
  33 => 'Doctrine\\ORM\\Cache\\Persister\\Entity\\ReadOnlyCachedEntityPersister',
  34 => 'Doctrine\\ORM\\Cache\\Persister\\Entity\\ReadWriteCachedEntityPersister',
  35 => 'Doctrine\\ORM\\Persisters\\Entity\\AbstractEntityInheritancePersister',
  36 => 'Doctrine\\ORM\\Persisters\\Entity\\BasicEntityPersister',
  37 => 'Doctrine\\ORM\\Persisters\\Entity\\CachedPersisterContext',
  38 => 'Doctrine\\ORM\\Persisters\\Entity\\EntityPersister',
  39 => 'Doctrine\\ORM\\Persisters\\Entity\\JoinedSubclassPersister',
  40 => 'Doctrine\\ORM\\Persisters\\Entity\\SingleTablePersister',
  41 => 'Symfony\\Bundle\\AsseticBundle\\Controller\\AssetCacheKeyFilter',
  42 => 'Symfony\\Bundle\\AsseticBundle\\Controller\\AsseticController',
  43 => 'Symfony\\Bundle\\FrameworkBundle\\Controller\\AbstractController',
  45 => 'Symfony\\Bundle\\FrameworkBundle\\Controller\\ControllerNameParser',
  46 => 'Symfony\\Bundle\\FrameworkBundle\\Controller\\ControllerResolver',
  47 => 'Symfony\\Bundle\\FrameworkBundle\\Controller\\ControllerTrait',
  48 => 'Symfony\\Bundle\\FrameworkBundle\\Controller\\RedirectController',
  49 => 'Symfony\\Bundle\\FrameworkBundle\\Controller\\TemplateController',
  50 => 'Symfony\\Bundle\\TwigBundle\\Controller\\ExceptionController',
  51 => 'Symfony\\Bundle\\TwigBundle\\Controller\\PreviewErrorController',
  52 => 'Symfony\\Bundle\\WebProfilerBundle\\Controller\\ExceptionController',
  53 => 'Symfony\\Bundle\\WebProfilerBundle\\Controller\\ProfilerController',
  54 => 'Symfony\\Bundle\\WebProfilerBundle\\Controller\\RouterController',
  55 => 'Symfony\\Component\\HttpKernel\\Controller\\ArgumentResolver',
  56 => 'Symfony\\Component\\HttpKernel\\Controller\\ArgumentResolverInterface',
  57 => 'Symfony\\Component\\HttpKernel\\Controller\\ArgumentResolver\\DefaultValueResolver',
  58 => 'Symfony\\Component\\HttpKernel\\Controller\\ArgumentResolver\\RequestAttributeValueResolver',
  59 => 'Symfony\\Component\\HttpKernel\\Controller\\ArgumentResolver\\RequestValueResolver',
  60 => 'Symfony\\Component\\HttpKernel\\Controller\\ArgumentResolver\\ServiceValueResolver',
  61 => 'Symfony\\Component\\HttpKernel\\Controller\\ArgumentResolver\\SessionValueResolver',
  62 => 'Symfony\\Component\\HttpKernel\\Controller\\ArgumentResolver\\VariadicValueResolver',
  63 => 'Symfony\\Component\\HttpKernel\\Controller\\ArgumentValueResolverInterface',
  64 => 'Symfony\\Component\\HttpKernel\\Controller\\ContainerControllerResolver',
  65 => 'Symfony\\Component\\HttpKernel\\Controller\\ControllerReference',
  66 => 'Symfony\\Component\\HttpKernel\\Controller\\ControllerResolver',
  67 => 'Symfony\\Component\\HttpKernel\\Controller\\ControllerResolverInterface',
  68 => 'Symfony\\Component\\HttpKernel\\Controller\\TraceableArgumentResolver',
  69 => 'Symfony\\Component\\HttpKernel\\Controller\\TraceableControllerResolver',
);